[11:43:23] fit_M1: running XGBoost, raw 7 inputs
[11:43:23] fit_M1: done 0s
[11:43:23] fit_M2: running XGBoost, Re/We/Oh + spacing/depth
[11:43:23] fit_M2: done 0s
[11:43:23] fit_M3: running XGBoost, hybrid raw + Re/We/Oh
[11:43:23] fit_M3: done 0s
[11:43:23] fit_M5: running Power-law backbone + XGBoost residual
[11:43:23] fit_M5: done 0s
[11:43:23] fit_M6: running Laan backbone + GPR residual (SEM descriptors)
[11:43:23] fit_M6: done 0s
[11:43:23] fit_GPR: running GPR, SEM descriptors (final candidate)
[11:43:23] fit_GPR: done 0s
[11:43:23] p34: running M5/M6 vs M2 on REF-H
[11:43:23] p34: done M6 REF-H 0.0593 vs M2 0.0693
[11:43:23] p5: running conformal + OOD
[11:43:38] p5: done LOSO cov 90%, REF-H cov 62%
[11:43:38] p7: running benchmark table
[11:43:38] p7: done final = GPR
[11:43:38] p6: running SHAP on final model GPR
[11:44:38] p6: done top feature logRe
[11:44:38] all: done 
